  Determinando os projetos a serem restaurados...
/Users/samuelgomes/Documents/Projetos/NuvPizza/NuvPizza.Application/NuvPizza.Application.csproj : warning NU1903: Package 'AutoMapper' 12.0.1 has a known high severity vulnerability, https://github.com/advisories/GHSA-rvv3-g6hj-g44x [/Users/samuelgomes/Documents/Projetos/NuvPizza/NuvPizza.slnx]
  Todos os projetos estão atualizados para restauração.
/Users/samuelgomes/Documents/Projetos/NuvPizza/NuvPizza.Application/NuvPizza.Application.csproj : warning NU1903: Package 'AutoMapper' 12.0.1 has a known high severity vulnerability, https://github.com/advisories/GHSA-rvv3-g6hj-g44x
  NuvPizza.Domain -> /Users/samuelgomes/Documents/Projetos/NuvPizza/NuvPizza.Domain/bin/Debug/net8.0/NuvPizza.Domain.dll
  NuvPizza.Infrastructure -> /Users/samuelgomes/Documents/Projetos/NuvPizza/NuvPizza.Infrastructure/bin/Debug/net8.0/NuvPizza.Infrastructure.dll
  NuvPizza.Application -> /Users/samuelgomes/Documents/Projetos/NuvPizza/NuvPizza.Application/bin/Debug/net8.0/NuvPizza.Application.dll
  NuvPizza.Tests -> /Users/samuelgomes/Documents/Projetos/NuvPizza/NuvPizza.Tests/bin/Debug/net8.0/NuvPizza.Tests.dll
/Users/samuelgomes/Documents/Projetos/NuvPizza/NuvPizza.API/Controllers/AuthController.cs(45,23): warning CS8618: O propriedade não anulável 'Email' precisa conter um valor não nulo ao sair do construtor. Considere adicionar o modificador "obrigatório" ou declarar o propriedade como anulável. [/Users/samuelgomes/Documents/Projetos/NuvPizza/NuvPizza.API/NuvPizza.API.csproj]
/Users/samuelgomes/Documents/Projetos/NuvPizza/NuvPizza.API/Controllers/AuthController.cs(46,23): warning CS8618: O propriedade não anulável 'Password' precisa conter um valor não nulo ao sair do construtor. Considere adicionar o modificador "obrigatório" ou declarar o propriedade como anulável. [/Users/samuelgomes/Documents/Projetos/NuvPizza/NuvPizza.API/NuvPizza.API.csproj]
/Users/samuelgomes/Documents/Projetos/NuvPizza/NuvPizza.API/Controllers/ProdutosController.cs(40,41): warning CS8602: Desreferência de uma referência possivelmente nula. [/Users/samuelgomes/Documents/Projetos/NuvPizza/NuvPizza.API/NuvPizza.API.csproj]
/Users/samuelgomes/Documents/Projetos/NuvPizza/NuvPizza.API/Controllers/CupomController.cs(31,41): warning CS8602: Desreferência de uma referência possivelmente nula. [/Users/samuelgomes/Documents/Projetos/NuvPizza/NuvPizza.API/NuvPizza.API.csproj]
/Users/samuelgomes/Documents/Projetos/NuvPizza/NuvPizza.API/Controllers/MotoboyController.cs(27,49): error CS1061: ‘Result<IEnumerable<MotoboyDTO>>’ não contém uma definição para "Value" e não foi possível encontrar nenhum método de extensão "Value" que aceite um primeiro argumento do tipo ‘Result<IEnumerable<MotoboyDTO>>’ (você está se esquecendo de usar uma diretiva ou uma referência de assembly?) [/Users/samuelgomes/Documents/Projetos/NuvPizza/NuvPizza.API/NuvPizza.API.csproj]
/Users/samuelgomes/Documents/Projetos/NuvPizza/NuvPizza.API/Controllers/MotoboyController.cs(34,49): error CS1061: ‘Result<IEnumerable<MotoboyDTO>>’ não contém uma definição para "Value" e não foi possível encontrar nenhum método de extensão "Value" que aceite um primeiro argumento do tipo ‘Result<IEnumerable<MotoboyDTO>>’ (você está se esquecendo de usar uma diretiva ou uma referência de assembly?) [/Users/samuelgomes/Documents/Projetos/NuvPizza/NuvPizza.API/NuvPizza.API.csproj]
/Users/samuelgomes/Documents/Projetos/NuvPizza/NuvPizza.API/Controllers/MotoboyController.cs(41,49): error CS1061: ‘Result<MotoboyDTO>’ não contém uma definição para "Value" e não foi possível encontrar nenhum método de extensão "Value" que aceite um primeiro argumento do tipo ‘Result<MotoboyDTO>’ (você está se esquecendo de usar uma diretiva ou uma referência de assembly?) [/Users/samuelgomes/Documents/Projetos/NuvPizza/NuvPizza.API/NuvPizza.API.csproj]
/Users/samuelgomes/Documents/Projetos/NuvPizza/NuvPizza.API/Controllers/PedidoController.cs(60,42): warning CS8602: Desreferência de uma referência possivelmente nula. [/Users/samuelgomes/Documents/Projetos/NuvPizza/NuvPizza.API/NuvPizza.API.csproj]
/Users/samuelgomes/Documents/Projetos/NuvPizza/NuvPizza.API/Controllers/MotoboyController.cs(48,93): error CS1061: ‘Result<MotoboyDTO>’ não contém uma definição para "Value" e não foi possível encontrar nenhum método de extensão "Value" que aceite um primeiro argumento do tipo ‘Result<MotoboyDTO>’ (você está se esquecendo de usar uma diretiva ou uma referência de assembly?) [/Users/samuelgomes/Documents/Projetos/NuvPizza/NuvPizza.API/NuvPizza.API.csproj]
/Users/samuelgomes/Documents/Projetos/NuvPizza/NuvPizza.API/Controllers/MotoboyController.cs(48,112): error CS1061: ‘Result<MotoboyDTO>’ não contém uma definição para "Value" e não foi possível encontrar nenhum método de extensão "Value" que aceite um primeiro argumento do tipo ‘Result<MotoboyDTO>’ (você está se esquecendo de usar uma diretiva ou uma referência de assembly?) [/Users/samuelgomes/Documents/Projetos/NuvPizza/NuvPizza.API/NuvPizza.API.csproj]
/Users/samuelgomes/Documents/Projetos/NuvPizza/NuvPizza.API/Controllers/MotoboyController.cs(56,49): error CS1061: ‘Result<MotoboyDTO>’ não contém uma definição para "Value" e não foi possível encontrar nenhum método de extensão "Value" que aceite um primeiro argumento do tipo ‘Result<MotoboyDTO>’ (você está se esquecendo de usar uma diretiva ou uma referência de assembly?) [/Users/samuelgomes/Documents/Projetos/NuvPizza/NuvPizza.API/NuvPizza.API.csproj]
/Users/samuelgomes/Documents/Projetos/NuvPizza/NuvPizza.API/Controllers/MotoboyController.cs(70,49): error CS1061: ‘Result<FaturamentoMotoboyDTO>’ não contém uma definição para "Value" e não foi possível encontrar nenhum método de extensão "Value" que aceite um primeiro argumento do tipo ‘Result<FaturamentoMotoboyDTO>’ (você está se esquecendo de usar uma diretiva ou uma referência de assembly?) [/Users/samuelgomes/Documents/Projetos/NuvPizza/NuvPizza.API/NuvPizza.API.csproj]
/Users/samuelgomes/Documents/Projetos/NuvPizza/NuvPizza.API/Controllers/PagamentoController.cs(49,28): warning CS8600: Conversão de literal nula ou possível valor nulo em tipo não anulável. [/Users/samuelgomes/Documents/Projetos/NuvPizza/NuvPizza.API/NuvPizza.API.csproj]
/Users/samuelgomes/Documents/Projetos/NuvPizza/NuvPizza.API/Controllers/PagamentoController.cs(50,25): warning CS8600: Conversão de literal nula ou possível valor nulo em tipo não anulável. [/Users/samuelgomes/Documents/Projetos/NuvPizza/NuvPizza.API/NuvPizza.API.csproj]
/Users/samuelgomes/Documents/Projetos/NuvPizza/NuvPizza.API/Controllers/PagamentoController.cs(54,22): warning CS8600: Conversão de literal nula ou possível valor nulo em tipo não anulável. [/Users/samuelgomes/Documents/Projetos/NuvPizza/NuvPizza.API/NuvPizza.API.csproj]
/Users/samuelgomes/Documents/Projetos/NuvPizza/NuvPizza.API/Controllers/PagamentoController.cs(55,25): warning CS8600: Conversão de literal nula ou possível valor nulo em tipo não anulável. [/Users/samuelgomes/Documents/Projetos/NuvPizza/NuvPizza.API/NuvPizza.API.csproj]
/Users/samuelgomes/Documents/Projetos/NuvPizza/NuvPizza.API/Controllers/PagamentoController.cs(67,17): warning CS8602: Desreferência de uma referência possivelmente nula. [/Users/samuelgomes/Documents/Projetos/NuvPizza/NuvPizza.API/NuvPizza.API.csproj]
/Users/samuelgomes/Documents/Projetos/NuvPizza/NuvPizza.API/Program.cs(67,39): warning CS8604: Possível argumento de referência nula para o parâmetro 'configuration' em 'ConnectionMultiplexer ConnectionMultiplexer.Connect(string configuration, TextWriter? log = null)'. [/Users/samuelgomes/Documents/Projetos/NuvPizza/NuvPizza.API/NuvPizza.API.csproj]
/Users/samuelgomes/Documents/Projetos/NuvPizza/NuvPizza.API/Program.cs(78,57): warning CS8604: Possível argumento de referência nula para o parâmetro 'redisConnectionString' em 'IHealthChecksBuilder RedisHealthCheckBuilderExtensions.AddRedis(IHealthChecksBuilder builder, string redisConnectionString, string? name = null, HealthStatus? failureStatus = null, IEnumerable<string>? tags = null, TimeSpan? timeout = null)'. [/Users/samuelgomes/Documents/Projetos/NuvPizza/NuvPizza.API/NuvPizza.API.csproj]
/Users/samuelgomes/Documents/Projetos/NuvPizza/NuvPizza.API/Program.cs(79,51): warning CS8604: Possível argumento de referência nula para o parâmetro 'connectionString' em 'IHealthChecksBuilder SqliteHealthCheckBuilderExtensions.AddSqlite(IHealthChecksBuilder builder, string connectionString, string healthQuery = "select name from sqlite_master where type='table'", Action<SqliteConnection>? configure = null, string? name = null, HealthStatus? failureStatus = null, IEnumerable<string>? tags = null, TimeSpan? timeout = null)'. [/Users/samuelgomes/Documents/Projetos/NuvPizza/NuvPizza.API/NuvPizza.API.csproj]
/Users/samuelgomes/Documents/Projetos/NuvPizza/NuvPizza.API/Program.cs(83,39): warning CS8604: Possível argumento de referência nula para o parâmetro 's' em 'byte[] Encoding.GetBytes(string s)'. [/Users/samuelgomes/Documents/Projetos/NuvPizza/NuvPizza.API/NuvPizza.API.csproj]

FALHA da compilação.

/Users/samuelgomes/Documents/Projetos/NuvPizza/NuvPizza.Application/NuvPizza.Application.csproj : warning NU1903: Package 'AutoMapper' 12.0.1 has a known high severity vulnerability, https://github.com/advisories/GHSA-rvv3-g6hj-g44x [/Users/samuelgomes/Documents/Projetos/NuvPizza/NuvPizza.slnx]
/Users/samuelgomes/Documents/Projetos/NuvPizza/NuvPizza.Application/NuvPizza.Application.csproj : warning NU1903: Package 'AutoMapper' 12.0.1 has a known high severity vulnerability, https://github.com/advisories/GHSA-rvv3-g6hj-g44x
/Users/samuelgomes/Documents/Projetos/NuvPizza/NuvPizza.API/Controllers/AuthController.cs(45,23): warning CS8618: O propriedade não anulável 'Email' precisa conter um valor não nulo ao sair do construtor. Considere adicionar o modificador "obrigatório" ou declarar o propriedade como anulável. [/Users/samuelgomes/Documents/Projetos/NuvPizza/NuvPizza.API/NuvPizza.API.csproj]
/Users/samuelgomes/Documents/Projetos/NuvPizza/NuvPizza.API/Controllers/AuthController.cs(46,23): warning CS8618: O propriedade não anulável 'Password' precisa conter um valor não nulo ao sair do construtor. Considere adicionar o modificador "obrigatório" ou declarar o propriedade como anulável. [/Users/samuelgomes/Documents/Projetos/NuvPizza/NuvPizza.API/NuvPizza.API.csproj]
/Users/samuelgomes/Documents/Projetos/NuvPizza/NuvPizza.API/Controllers/ProdutosController.cs(40,41): warning CS8602: Desreferência de uma referência possivelmente nula. [/Users/samuelgomes/Documents/Projetos/NuvPizza/NuvPizza.API/NuvPizza.API.csproj]
/Users/samuelgomes/Documents/Projetos/NuvPizza/NuvPizza.API/Controllers/CupomController.cs(31,41): warning CS8602: Desreferência de uma referência possivelmente nula. [/Users/samuelgomes/Documents/Projetos/NuvPizza/NuvPizza.API/NuvPizza.API.csproj]
/Users/samuelgomes/Documents/Projetos/NuvPizza/NuvPizza.API/Controllers/PedidoController.cs(60,42): warning CS8602: Desreferência de uma referência possivelmente nula. [/Users/samuelgomes/Documents/Projetos/NuvPizza/NuvPizza.API/NuvPizza.API.csproj]
/Users/samuelgomes/Documents/Projetos/NuvPizza/NuvPizza.API/Controllers/PagamentoController.cs(49,28): warning CS8600: Conversão de literal nula ou possível valor nulo em tipo não anulável. [/Users/samuelgomes/Documents/Projetos/NuvPizza/NuvPizza.API/NuvPizza.API.csproj]
/Users/samuelgomes/Documents/Projetos/NuvPizza/NuvPizza.API/Controllers/PagamentoController.cs(50,25): warning CS8600: Conversão de literal nula ou possível valor nulo em tipo não anulável. [/Users/samuelgomes/Documents/Projetos/NuvPizza/NuvPizza.API/NuvPizza.API.csproj]
/Users/samuelgomes/Documents/Projetos/NuvPizza/NuvPizza.API/Controllers/PagamentoController.cs(54,22): warning CS8600: Conversão de literal nula ou possível valor nulo em tipo não anulável. [/Users/samuelgomes/Documents/Projetos/NuvPizza/NuvPizza.API/NuvPizza.API.csproj]
/Users/samuelgomes/Documents/Projetos/NuvPizza/NuvPizza.API/Controllers/PagamentoController.cs(55,25): warning CS8600: Conversão de literal nula ou possível valor nulo em tipo não anulável. [/Users/samuelgomes/Documents/Projetos/NuvPizza/NuvPizza.API/NuvPizza.API.csproj]
/Users/samuelgomes/Documents/Projetos/NuvPizza/NuvPizza.API/Controllers/PagamentoController.cs(67,17): warning CS8602: Desreferência de uma referência possivelmente nula. [/Users/samuelgomes/Documents/Projetos/NuvPizza/NuvPizza.API/NuvPizza.API.csproj]
/Users/samuelgomes/Documents/Projetos/NuvPizza/NuvPizza.API/Program.cs(67,39): warning CS8604: Possível argumento de referência nula para o parâmetro 'configuration' em 'ConnectionMultiplexer ConnectionMultiplexer.Connect(string configuration, TextWriter? log = null)'. [/Users/samuelgomes/Documents/Projetos/NuvPizza/NuvPizza.API/NuvPizza.API.csproj]
/Users/samuelgomes/Documents/Projetos/NuvPizza/NuvPizza.API/Program.cs(78,57): warning CS8604: Possível argumento de referência nula para o parâmetro 'redisConnectionString' em 'IHealthChecksBuilder RedisHealthCheckBuilderExtensions.AddRedis(IHealthChecksBuilder builder, string redisConnectionString, string? name = null, HealthStatus? failureStatus = null, IEnumerable<string>? tags = null, TimeSpan? timeout = null)'. [/Users/samuelgomes/Documents/Projetos/NuvPizza/NuvPizza.API/NuvPizza.API.csproj]
/Users/samuelgomes/Documents/Projetos/NuvPizza/NuvPizza.API/Program.cs(79,51): warning CS8604: Possível argumento de referência nula para o parâmetro 'connectionString' em 'IHealthChecksBuilder SqliteHealthCheckBuilderExtensions.AddSqlite(IHealthChecksBuilder builder, string connectionString, string healthQuery = "select name from sqlite_master where type='table'", Action<SqliteConnection>? configure = null, string? name = null, HealthStatus? failureStatus = null, IEnumerable<string>? tags = null, TimeSpan? timeout = null)'. [/Users/samuelgomes/Documents/Projetos/NuvPizza/NuvPizza.API/NuvPizza.API.csproj]
/Users/samuelgomes/Documents/Projetos/NuvPizza/NuvPizza.API/Program.cs(83,39): warning CS8604: Possível argumento de referência nula para o parâmetro 's' em 'byte[] Encoding.GetBytes(string s)'. [/Users/samuelgomes/Documents/Projetos/NuvPizza/NuvPizza.API/NuvPizza.API.csproj]
/Users/samuelgomes/Documents/Projetos/NuvPizza/NuvPizza.API/Controllers/MotoboyController.cs(27,49): error CS1061: ‘Result<IEnumerable<MotoboyDTO>>’ não contém uma definição para "Value" e não foi possível encontrar nenhum método de extensão "Value" que aceite um primeiro argumento do tipo ‘Result<IEnumerable<MotoboyDTO>>’ (você está se esquecendo de usar uma diretiva ou uma referência de assembly?) [/Users/samuelgomes/Documents/Projetos/NuvPizza/NuvPizza.API/NuvPizza.API.csproj]
/Users/samuelgomes/Documents/Projetos/NuvPizza/NuvPizza.API/Controllers/MotoboyController.cs(34,49): error CS1061: ‘Result<IEnumerable<MotoboyDTO>>’ não contém uma definição para "Value" e não foi possível encontrar nenhum método de extensão "Value" que aceite um primeiro argumento do tipo ‘Result<IEnumerable<MotoboyDTO>>’ (você está se esquecendo de usar uma diretiva ou uma referência de assembly?) [/Users/samuelgomes/Documents/Projetos/NuvPizza/NuvPizza.API/NuvPizza.API.csproj]
/Users/samuelgomes/Documents/Projetos/NuvPizza/NuvPizza.API/Controllers/MotoboyController.cs(41,49): error CS1061: ‘Result<MotoboyDTO>’ não contém uma definição para "Value" e não foi possível encontrar nenhum método de extensão "Value" que aceite um primeiro argumento do tipo ‘Result<MotoboyDTO>’ (você está se esquecendo de usar uma diretiva ou uma referência de assembly?) [/Users/samuelgomes/Documents/Projetos/NuvPizza/NuvPizza.API/NuvPizza.API.csproj]
/Users/samuelgomes/Documents/Projetos/NuvPizza/NuvPizza.API/Controllers/MotoboyController.cs(48,93): error CS1061: ‘Result<MotoboyDTO>’ não contém uma definição para "Value" e não foi possível encontrar nenhum método de extensão "Value" que aceite um primeiro argumento do tipo ‘Result<MotoboyDTO>’ (você está se esquecendo de usar uma diretiva ou uma referência de assembly?) [/Users/samuelgomes/Documents/Projetos/NuvPizza/NuvPizza.API/NuvPizza.API.csproj]
/Users/samuelgomes/Documents/Projetos/NuvPizza/NuvPizza.API/Controllers/MotoboyController.cs(48,112): error CS1061: ‘Result<MotoboyDTO>’ não contém uma definição para "Value" e não foi possível encontrar nenhum método de extensão "Value" que aceite um primeiro argumento do tipo ‘Result<MotoboyDTO>’ (você está se esquecendo de usar uma diretiva ou uma referência de assembly?) [/Users/samuelgomes/Documents/Projetos/NuvPizza/NuvPizza.API/NuvPizza.API.csproj]
/Users/samuelgomes/Documents/Projetos/NuvPizza/NuvPizza.API/Controllers/MotoboyController.cs(56,49): error CS1061: ‘Result<MotoboyDTO>’ não contém uma definição para "Value" e não foi possível encontrar nenhum método de extensão "Value" que aceite um primeiro argumento do tipo ‘Result<MotoboyDTO>’ (você está se esquecendo de usar uma diretiva ou uma referência de assembly?) [/Users/samuelgomes/Documents/Projetos/NuvPizza/NuvPizza.API/NuvPizza.API.csproj]
/Users/samuelgomes/Documents/Projetos/NuvPizza/NuvPizza.API/Controllers/MotoboyController.cs(70,49): error CS1061: ‘Result<FaturamentoMotoboyDTO>’ não contém uma definição para "Value" e não foi possível encontrar nenhum método de extensão "Value" que aceite um primeiro argumento do tipo ‘Result<FaturamentoMotoboyDTO>’ (você está se esquecendo de usar uma diretiva ou uma referência de assembly?) [/Users/samuelgomes/Documents/Projetos/NuvPizza/NuvPizza.API/NuvPizza.API.csproj]
    16 Aviso(s)
    7 Erro(s)

Tempo Decorrido 00:00:02.19
